main.c:46:6:setTimer0	16	static
main.c:50:6:setTimer1	16	static
main.c:54:6:setTimer2	16	static
main.c:58:6:timer0_run	4	static
main.c:67:6:timer1_run	4	static
main.c:77:6:timer2_run	4	static
main.c:86:6:display_7_SEG	88	static
main.c:158:6:update7SEG	16	static
main.c:206:6:HAL_TIM_PeriodElapsedCallback	16	static
main.c:214:6:updateClockBuffer	4	static
main.c:267:5:main	8	static
main.c:340:6:SystemClock_Config	72	static
main.c:373:13:MX_TIM2_Init	32	static
main.c:415:13:MX_GPIO_Init	32	static
main.c:466:6:Error_Handler	4	static,ignoring_inline_asm
